// Jest Snapshot v1, https://goo.gl/fbAQLP

exports[`<Pagination /> should match the snapshot 1`] = `"<div class=\\"sc-dlnjwi bIUCZN\\"><h5 class=\\"MuiTypography-root MuiTypography-h5\\" style=\\"font-weight:bold\\">Repositories ()</h5><div><div class=\\"MuiPaper-root MuiCard-root sc-bdnxRM hsYeIT MuiPaper-elevation1 MuiPaper-rounded\\"><p class=\\"MuiTypography-root MuiTypography-body1\\"><a href=\\"https://github.com/andrei-roh/basic-js\\" target=\\"_blanc\\" class=\\"sc-gtsrHT kgWjQH\\">basic-js</a></p><p class=\\"MuiTypography-root MuiTypography-body2\\">Basic JavaScript tasks for RSSchool</p></div></div><div class=\\"sc-hKFxyN dFQwXI\\"><p class=\\"MuiTypography-root MuiTypography-body2\\" style=\\"color:#808080\\">1- of  items</p><nav aria-label=\\"pagination navigation\\" class=\\"MuiPagination-root\\"><ul class=\\"MuiPagination-ul\\"><li><button class=\\"MuiButtonBase-root MuiPaginationItem-root MuiPaginationItem-page MuiPaginationItem-rounded MuiPaginationItem-textPrimary Mui-disabled Mui-disabled\\" tabindex=\\"-1\\" type=\\"button\\" disabled=\\"\\" aria-label=\\"Go to previous page\\"><svg class=\\"MuiSvgIcon-root MuiPaginationItem-icon\\" focusable=\\"false\\" viewBox=\\"0 0 24 24\\" aria-hidden=\\"true\\"><path d=\\"M15.41 7.41L14 6l-6 6 6 6 1.41-1.41L10.83 12z\\"></path></svg></button></li><li><button class=\\"MuiButtonBase-root MuiPaginationItem-root MuiPaginationItem-page MuiPaginationItem-rounded MuiPaginationItem-textPrimary\\" tabindex=\\"0\\" type=\\"button\\" aria-label=\\"Go to next page\\"><svg class=\\"MuiSvgIcon-root MuiPaginationItem-icon\\" focusable=\\"false\\" viewBox=\\"0 0 24 24\\" aria-hidden=\\"true\\"><path d=\\"M10 6L8.59 7.41 13.17 12l-4.58 4.59L10 18l6-6z\\"></path></svg></button></li></ul></nav></div></div>"`;
